python tools/bin_to_vhdl_hex.py --size 0x4000 --output sim/generated/chess_rom.hex ../roms/chess.rom
python tools/bin_to_vhdl_hex.py --size 0x4000 --output sim/generated/sbc_rom.hex ../roms/kernel.rom@0x0000 ../roms/msbasic.rom@0x1000
C:\Users\oe3sr\AppData\Local\ghdl\bin\ghdl.exe -a --std=08 --ieee=synopsys third_party/t65/rtl/T65_Pack.vhd third_party/t65/rtl/T65_ALU.vhd third_party/t65/rtl/T65_MCode.vhd third_party/t65/rtl/T65.vhd rtl/sbc_pkg.vhd rtl/bus_decode.vhd rtl/mem/sync_ram.vhd rtl/mem/rom.vhd rtl/peripherals/reg_stub.vhd rtl/peripherals/via6522.vhd rtl/peripherals/uart6551.vhd rtl/peripherals/vic_core.vhd rtl/cpu/t65_adapter.vhd rtl/cpu6502_slot.vhd rtl/sbc_top.vhd rtl/sbc_t65_top.vhd sim/tb_bus_decode.vhd sim/tb_sbc_reset.vhd sim/tb_sbc_bus_write.vhd sim/tb_sbc_sram_readback.vhd sim/tb_via6522.vhd sim/tb_uart6551.vhd sim/tb_rom_image.vhd sim/tb_t65_adapter.vhd sim/tb_sbc_t65_boot.vhd sim/tb_sbc_t65_uart.vhd sim/tb_sbc_t65_via.vhd sim/tb_sbc_t65_irq.vhd sim/tb_sbc_t65_kernel_smoke.vhd sim/tb_vic_core.vhd
C:\Users\oe3sr\AppData\Local\ghdl\bin\ghdl.exe -e --std=08 --ieee=synopsys tb_bus_decode
C:\Users\oe3sr\AppData\Local\ghdl\bin\ghdl.exe -r --std=08 --ieee=synopsys tb_bus_decode --ieee-asserts=disable-at-0
sim/tb_bus_decode.vhd:38:5:@16ns:(report note): tb_bus_decode passed
C:\Users\oe3sr\AppData\Local\ghdl\bin\ghdl.exe -e --std=08 --ieee=synopsys tb_sbc_reset
C:\Users\oe3sr\AppData\Local\ghdl\bin\ghdl.exe -r --std=08 --ieee=synopsys tb_sbc_reset --ieee-asserts=disable-at-0
sim/tb_sbc_reset.vhd:56:5:@105ns:(report note): tb_sbc_reset passed
simulation stopped @105ns
C:\Users\oe3sr\AppData\Local\ghdl\bin\ghdl.exe -e --std=08 --ieee=synopsys tb_sbc_bus_write
C:\Users\oe3sr\AppData\Local\ghdl\bin\ghdl.exe -r --std=08 --ieee=synopsys tb_sbc_bus_write --ieee-asserts=disable-at-0
sim/tb_sbc_bus_write.vhd:52:9:@215ns:(report note): write addr=$0002 data=$42
sim/tb_sbc_bus_write.vhd:63:9:@215ns:(report note): tb_sbc_bus_write passed
simulation stopped @215ns
C:\Users\oe3sr\AppData\Local\ghdl\bin\ghdl.exe -e --std=08 --ieee=synopsys tb_sbc_sram_readback
C:\Users\oe3sr\AppData\Local\ghdl\bin\ghdl.exe -r --std=08 --ieee=synopsys tb_sbc_sram_readback --ieee-asserts=disable-at-0
sim/tb_sbc_sram_readback.vhd:51:9:@365ns:(report note): readback data=$42
sim/tb_sbc_sram_readback.vhd:57:9:@365ns:(report note): tb_sbc_sram_readback passed
simulation stopped @365ns
C:\Users\oe3sr\AppData\Local\ghdl\bin\ghdl.exe -e --std=08 --ieee=synopsys tb_via6522
C:\Users\oe3sr\AppData\Local\ghdl\bin\ghdl.exe -r --std=08 --ieee=synopsys tb_via6522 --ieee-asserts=disable-at-0
sim/tb_via6522.vhd:134:5:@216ns:(report note): tb_via6522 passed
simulation stopped @216ns
C:\Users\oe3sr\AppData\Local\ghdl\bin\ghdl.exe -e --std=08 --ieee=synopsys tb_uart6551
C:\Users\oe3sr\AppData\Local\ghdl\bin\ghdl.exe -r --std=08 --ieee=synopsys tb_uart6551 --ieee-asserts=disable-at-0
sim/tb_uart6551.vhd:160:5:@256ns:(report note): tb_uart6551 passed
simulation stopped @256ns
C:\Users\oe3sr\AppData\Local\ghdl\bin\ghdl.exe -e --std=08 --ieee=synopsys tb_vic_core
C:\Users\oe3sr\AppData\Local\ghdl\bin\ghdl.exe -r --std=08 --ieee=synopsys tb_vic_core --ieee-asserts=disable-at-0
sim/tb_vic_core.vhd:52:5:@100ns:(report note): ========================================
sim/tb_vic_core.vhd:53:5:@100ns:(report note): VIC Core Module Test Suite
sim/tb_vic_core.vhd:54:5:@100ns:(report note): ========================================
sim/tb_vic_core.vhd:55:5:@100ns:(report note): 
sim/tb_vic_core.vhd:58:5:@100ns:(report note): Test 1: Write and read text RAM at 0x8000
sim/tb_vic_core.vhd:73:7:@130ns:(report note):   PASS: Text RAM[0x8000] = 0x41
sim/tb_vic_core.vhd:81:5:@140ns:(report note): 
sim/tb_vic_core.vhd:82:5:@140ns:(report note): Test 2: Write to offsets 1,2,3 in text RAM
sim/tb_vic_core.vhd:97:5:@190ns:(report note):   PASS: Wrote multiple text RAM locations
sim/tb_vic_core.vhd:100:5:@190ns:(report note): 
sim/tb_vic_core.vhd:101:5:@190ns:(report note): Test 3: Write and read color RAM at 0x8800
sim/tb_vic_core.vhd:116:7:@220ns:(report note):   PASS: Color RAM[0x8800] = 0xF0
sim/tb_vic_core.vhd:124:5:@230ns:(report note): 
sim/tb_vic_core.vhd:125:5:@230ns:(report note): Test 4: Write control registers (SCROLL_X, SCROLL_Y, RASTER, MODE, COLORS)
sim/tb_vic_core.vhd:153:7:@310ns:(report note):   PASS: SCROLL_X = 0x03
sim/tb_vic_core.vhd:161:7:@320ns:(report note):   PASS: SCROLL_Y = 0x02
sim/tb_vic_core.vhd:169:7:@330ns:(report note):   PASS: RASTER_CMP = 0x64
sim/tb_vic_core.vhd:177:7:@340ns:(report note):   PASS: MODE = 0xA0
sim/tb_vic_core.vhd:185:7:@350ns:(report note):   PASS: COLORS = 0xE5
sim/tb_vic_core.vhd:194:5:@360ns:(report note): 
sim/tb_vic_core.vhd:195:5:@360ns:(report note): Test 5: Text RAM boundary at 0x87FF
sim/tb_vic_core.vhd:210:7:@390ns:(report note):   PASS: Text RAM[0x87FF] = 0x5A
sim/tb_vic_core.vhd:216:5:@390ns:(report note): 
sim/tb_vic_core.vhd:217:5:@390ns:(report note): ========================================
sim/tb_vic_core.vhd:218:5:@390ns:(report note): VIC Core Tests Complete
sim/tb_vic_core.vhd:219:5:@390ns:(report note): ========================================
